/
/
#
/doc/
/pkg/
/project/
/help/
/blog/
http://play.golang.org/
#
#
//tour.golang.org/
https://golang.org/dl/
//blog.golang.org/
https://developers.google.com/site-policies#restrictions
/LICENSE
/doc/tos.html
http://www.google.com/intl/en/policies/privacy/
